(node:17636) ExperimentalWarning: CommonJS module C:\Program Files\nodejs\node_modules\npm\node_modules\debug\src\node.js is loading ES Module C:\Program Files\nodejs\node_modules\npm\node_modules\supports-color\index.js using require().
Support for loading ES Module in require() is an experimental feature and might change at any time
(Use `node --trace-warnings ...` to show where the warning was created)
Γû▓ Next.js 16.1.6 (Turbopack)
- Environments: .env.local

ΓÜá The "middleware" file convention is deprecated. Please use "proxy" instead. Learn more: https://nextjs.org/docs/messages/middleware-to-proxy
  Creating an optimized production build ...

> Build error occurred
Error: Turbopack build failed with 1 errors:
./src/app/api/webhooks/clerk/route.ts:19:1
Module not found: Can't resolve '../../../../convex/_generated/api'
  17 | import { WebhookEvent } from "@clerk/nextjs/server";
  18 | import { ConvexHttpClient } from "convex/browser";
> 19 | import { api } from "../../../../convex/_generated/api";
     | ^^^^^^^^^^^^^^^^^^^^^^^^^^^^^^^^^^^^^^^^^^^^^^^^^^^^^^^^
  20 |
  21 | // Create a Convex HTTP client for server-side API calls
  22 | const convex = new ConvexHttpClient(



https://nextjs.org/docs/messages/module-not-found


    at <unknown> (./src/app/api/webhooks/clerk/route.ts:19:1)
    at <unknown> (https://nextjs.org/docs/messages/module-not-found)
Assertion failed: !(handle->flags & UV_HANDLE_CLOSING), file c:\ws\deps\uv\src\win\async.c, line 76
